warning: unused import: `super::*`
   --> ox_pipeline/ox_pipeline_plugin/src/lib.rs:149:9
    |
149 |     use super::*;
    |         ^^^^^^^^
    |
    = note: `#[warn(unused_imports)]` (part of `#[warn(unused)]`) on by default

warning: `ox_pipeline_plugin` (lib) generated 1 warning (run `cargo fix --lib -p ox_pipeline_plugin` to apply 1 suggestion)
warning: unused import: `anyhow`
 --> ox_fileproc/src/cursor.rs:3:31
  |
3 | use anyhow::{Result, Context, anyhow};
  |                               ^^^^^^
  |
  = note: `#[warn(unused_imports)]` (part of `#[warn(unused)]`) on by default

warning: unused import: `warn`
 --> ox_fileproc/src/processor.rs:7:11
  |
7 | use log::{warn, error};
  |           ^^^^

warning: unused import: `std::ops::Range`
 --> ox_fileproc/src/scanners/mod.rs:1:5
  |
1 | use std::ops::Range;
  |     ^^^^^^^^^^^^^^^

warning: unused import: `Format`
 --> ox_fileproc/src/scanners/mod.rs:2:29
  |
2 | use crate::cursor::{Cursor, Format};
  |                             ^^^^^^

warning: variable `block_end` is assigned to, but never used
  --> ox_fileproc/src/scanners/yaml.rs:51:34
   |
51 | ...   let mut block_end = block.len();
   |               ^^^^^^^^^
   |
   = note: consider using `_block_end` instead
   = note: `#[warn(unused_variables)]` (part of `#[warn(unused)]`) on by default

warning: value assigned to `block_end` is never read
  --> ox_fileproc/src/scanners/yaml.rs:75:34
   |
75 | ...   block_end = relative_offset;
   |       ^^^^^^^^^
   |
   = help: maybe it is overwritten before being read?
   = note: `#[warn(unused_assignments)]` (part of `#[warn(unused)]`) on by default

warning: hiding a lifetime that's elided elsewhere is confusing
  --> ox_fileproc/src/cursor.rs:62:17
   |
62 | ...nd(&self, query: &str) -> impl Iterator<Item = Cursor> + '_ {
   |       ^^^^^                                       ^^^^^^    ^^ the same lifetime is elided here
   |       |                                           |
   |       the lifetime is elided here                 the same lifetime is hidden here
   |
   = help: the same lifetime is referred to in inconsistent ways, making the signature confusing
   = note: `#[warn(mismatched_lifetime_syntaxes)]` on by default
help: use `'_` for type paths
   |
62 |     pub fn find(&self, query: &str) -> impl Iterator<Item = Cursor<'_>> + '_ {
   |                                                                   ++++

warning: `ox_fileproc` (lib) generated 7 warnings (run `cargo fix --lib -p ox_fileproc` to apply 5 suggestions)
warning: unused import: `std::collections::HashMap`
 --> ox_pipeline/src/lib.rs:1:5
  |
1 | use std::collections::HashMap;
  |     ^^^^^^^^^^^^^^^^^^^^^^^^^
  |
  = note: `#[warn(unused_imports)]` (part of `#[warn(unused)]`) on by default

warning: unused import: `RwLock`
 --> ox_pipeline/src/lib.rs:2:22
  |
2 | use std::sync::{Arc, RwLock}; // still need...
  |                      ^^^^^^

warning: `ox_pipeline` (lib) generated 2 warnings (run `cargo fix --lib -p ox_pipeline` to apply 2 suggestions)
   Compiling ox_webservice v0.0.1 (/var/repos/oxIDIZER/ox_webservice)
error: cannot find derive macro `Deserialize` in this scope
   --> ox_webservice/src/pipeline.rs:793:21
    |
793 | #[derive(Serialize, Deserialize)]
    |                     ^^^^^^^^^^^
    |
   ::: /home/justlikeef/.cargo/registry/src/index.crates.io-1949cf8c6b5b557f/serde_derive-1.0.228/src/lib.rs:114:1
    |
114 | pub fn derive_serialize(input: TokenStream) -> TokenStream {
    | ---------------------------------------------------------- similarly named derive macro `Serialize` defined here
    |
help: a derive macro with a similar name exists
    |
793 - #[derive(Serialize, Deserialize)]
793 + #[derive(Serialize, Serialize)]
    |
help: consider importing one of these derive macros
    |
  1 + use crate::Deserialize;
    |
  1 + use serde::Deserialize;
    |

error: cannot find derive macro `Deserialize` in this scope
   --> ox_webservice/src/pipeline.rs:797:21
    |
797 | #[derive(Serialize, Deserialize)]
    |                     ^^^^^^^^^^^
    |
   ::: /home/justlikeef/.cargo/registry/src/index.crates.io-1949cf8c6b5b557f/serde_derive-1.0.228/src/lib.rs:114:1
    |
114 | pub fn derive_serialize(input: TokenStream) -> TokenStream {
    | ---------------------------------------------------------- similarly named derive macro `Serialize` defined here
    |
help: a derive macro with a similar name exists
    |
797 - #[derive(Serialize, Deserialize)]
797 + #[derive(Serialize, Serialize)]
    |
help: consider importing one of these derive macros
    |
  1 + use crate::Deserialize;
    |
  1 + use serde::Deserialize;
    |

warning: unused import: `PathBuf`
 --> ox_webservice/src/lib.rs:3:23
  |
3 | use std::path::{Path, PathBuf};
  |                       ^^^^^^^
  |
  = note: `#[warn(unused_imports)]` (part of `#[warn(unused)]`) on by default

warning: unused import: `std::fs`
 --> ox_webservice/src/lib.rs:4:5
  |
4 | use std::fs;
  |     ^^^^^^^

warning: unused import: `UriMatcher`
 --> ox_webservice/src/lib.rs:5:39
  |
5 | use ox_webservice_api::{ModuleConfig, UriMatcher};
  |                                       ^^^^^^^^^^

warning: variable does not need to be mutable
    --> ox_webservice/src/pipeline.rs:1137:13
     |
1137 |         let mut state = PipelineState {
     |             ----^^^^^
     |             |
     |             help: remove this `mut`
     |
     = note: `#[warn(unused_mut)]` (part of `#[warn(unused)]`) on by default

warning: variable does not need to be mutable
  --> ox_webservice/src/pipeline.rs:64:9
   |
64 |     let mut phases = HashMap::new();
   |         ----^^^^^^
   |         |
   |         help: remove this `mut`

error[E0308]: mismatched types
    --> ox_webservice/src/pipeline.rs:1011:128
     |
1011 | ..._else(|| mod_cfg.extra_params.get("routes").and_then(|v| v.as_array())) {
     |             ^^^^^^^^^^^^^^^^^^^^^^^^^^^^^^^^^^^^^^^^^^^^^^^^^^^^^^^^^^^^^ expected `Option<&Value>`, found `Option<&Vec<Value>>`
     |
     = note: expected enum `std::option::Option<&Value>`
                found enum `std::option::Option<&Vec<Value>>`

error[E0277]: the trait bound `RouterRouteEntry: serde::de::DeserializeOwned` is not satisfied
    --> ox_webservice/src/pipeline.rs:1014:74
     |
1014 | ...                   if let Ok(route) = serde_json::from_value::<RouterRouteEntry>(route_val.clone()) {
     |                                                                   ^^^^^^^^^^^^^^^^ unsatisfied trait bound
     |
help: the trait `for<'de> Deserialize<'de>` is not implemented for `RouterRouteEntry`
    --> ox_webservice/src/pipeline.rs:798:1
     |
 798 | struct RouterRouteEntry {
     | ^^^^^^^^^^^^^^^^^^^^^^^
     = help: the following other types implement trait `Deserialize<'de>`:
               &'a [u8]
               &'a serde_json::value::RawValue
               &'a std::path::Path
               &'a str
               ()
               (T,)
               (T0, T1)
               (T0, T1, T2)
             and 204 others
     = note: required for `RouterRouteEntry` to implement `DeserializeOwned`
note: required by a bound in `from_value`
    --> /home/justlikeef/.cargo/registry/src/index.crates.io-1949cf8c6b5b557f/serde_json-1.0.145/src/value/mod.rs:1039:8
     |
1037 | pub fn from_value<T>(value: Value) -> Result<T, Error>
     |        ---------- required by a bound in this function
1038 | where
1039 |     T: DeserializeOwned,
     |        ^^^^^^^^^^^^^^^^ required by this bound in `from_value`

warning: unused import: `futures::StreamExt`
  --> ox_webservice/src/pipeline.rs:29:5
   |
29 | use futures::StreamExt;
   |     ^^^^^^^^^^^^^^^^^^

warning: unnecessary `unsafe` block
   --> ox_webservice/src/pipeline.rs:395:24
    |
293 | ) -> *mut libc::c_char { unsafe {
    |                          ------ because it's nested under this `unsafe` block
...
395 |         let pipeline = unsafe { &*(pipeline_state.pipeline_ptr as *const Pipeline) };
    |                        ^^^^^^ unnecessary `unsafe` block
    |
    = note: `#[warn(unused_unsafe)]` (part of `#[warn(unused)]`) on by default

warning[E0133]: dereference of raw pointer is unsafe and requires unsafe block
   --> ox_webservice/src/pipeline.rs:660:32
    |
660 |         let write_guard = &mut *pipeline_state_ptr;
    |                                ^^^^^^^^^^^^^^^^^^^ dereference of raw pointer
    |
    = note: for more information, see <https://doc.rust-lang.org/edition-guide/rust-2024/unsafe-op-in-unsafe-fn.html>
    = note: raw pointers may be null, dangling or unaligned; they can violate aliasing rules and cause data races: all of these are undefined behavior
note: an unsafe function restricts its caller, but its body is safe by default
   --> ox_webservice/src/pipeline.rs:659:5
    |
659 |     unsafe fn execute_internal(&self, pipeline_state_ptr: *mut PipelineState) -> HandlerResult {
    |     ^^^^^^^^^^^^^^^^^^^^^^^^^^^^^^^^^^^^^^^^^^^^^^^^^^^^^^^^^^^^^^^^^^^^^^^^^^^^^^^^^^^^^^^^^^
    = note: `#[warn(unsafe_op_in_unsafe_fn)]` (part of `#[warn(rust_2024_compatibility)]`) on by default

warning[E0133]: call to unsafe function is unsafe and requires unsafe block
   --> ox_webservice/src/pipeline.rs:716:22
    |
716 |           let result = (self.module_interface.handler_fn)(
    |  ______________________^
717 | |             self.module_interface.instance_ptr,
718 | |             pipeline_state_ptr,
719 | |             self.module_interface.log_callback,
720 | |             self.alloc_raw,
721 | |             (&write_guard.arena) as *const Bump as *const c_void
722 | |         );
    | |_________^ call to unsafe function
    |
    = note: for more information, see <https://doc.rust-lang.org/edition-guide/rust-2024/unsafe-op-in-unsafe-fn.html>
    = note: consult the function's documentation for information on how to avoid undefined behavior

Some errors have detailed explanations: E0133, E0277, E0308.
For more information about an error, try `rustc --explain E0133`.
warning: `ox_webservice` (lib) generated 9 warnings
error: could not compile `ox_webservice` (lib) due to 4 previous errors; 9 warnings emitted
